// Jest Snapshot v1, https://goo.gl/fbAQLP

exports[`createSchemaCustomization creates types 1`] = `
[MockFunction] {
  "calls": Array [
    Array [
      Array [
        Object {
          "config": Object {
            "name": "PrismicLinkTypes",
            "values": Object {
              "Any": Object {},
              "Document": Object {},
              "Media": Object {},
              "Web": Object {},
            },
          },
          "kind": "ENUM",
        },
        Object {
          "config": Object {
            "fields": Object {
              "height": "Int!",
              "width": "Int!",
            },
            "name": "PrismicImageDimensionsType",
          },
          "kind": "OBJECT",
        },
      ],
    ],
    Array [
      Object {
        "config": Object {
          "fields": Object {
            "document": Object {
              "extensions": Object {
                "link": Object {},
              },
              "resolve": [Function],
              "type": "PrismicPrefixAllDocumentTypes",
            },
            "id": "ID",
            "isBroken": "Boolean",
            "lang": "String",
            "link_type": "PrismicLinkTypes",
            "raw": Object {
              "resolve": [Function],
              "type": "JSON",
            },
            "size": "Int",
            "slug": "String",
            "tags": "[String]",
            "target": "String",
            "type": "String",
            "uid": "String",
            "url": Object {
              "resolve": [Function],
              "type": "String",
            },
          },
          "name": "PrismicPrefixLinkType",
        },
        "kind": "OBJECT",
      },
    ],
    Array [
      Object {
        "config": Object {
          "fields": Object {
            "html": Object {
              "resolve": [Function],
              "type": "String",
            },
            "raw": Object {
              "resolve": [Function],
              "type": "JSON",
            },
            "text": Object {
              "resolve": [Function],
              "type": "String",
            },
          },
          "name": "PrismicStructuredTextType",
        },
        "kind": "OBJECT",
      },
    ],
    Array [
      Object {
        "config": Object {
          "fields": Object {
            "html": Object {
              "resolve": [Function],
              "type": "String",
            },
            "raw": Object {
              "resolve": [Function],
              "type": "JSON",
            },
            "text": Object {
              "resolve": [Function],
              "type": "String",
            },
          },
          "name": "PrismicStructuredTextType",
        },
        "kind": "OBJECT",
      },
    ],
    Array [
      Object {
        "config": Object {
          "fields": Object {
            "html": Object {
              "resolve": [Function],
              "type": "String",
            },
            "raw": Object {
              "resolve": [Function],
              "type": "JSON",
            },
            "text": Object {
              "resolve": [Function],
              "type": "String",
            },
          },
          "name": "PrismicStructuredTextType",
        },
        "kind": "OBJECT",
      },
    ],
    Array [
      Array [
        Object {
          "config": Object {
            "fields": Object {
              "published_on": Object {
                "extensions": Object {
                  "dateformat": Object {},
                },
                "type": "Date",
              },
            },
            "name": "PrismicPrefixPageMainNewsPostPrimaryType",
          },
          "kind": "OBJECT",
        },
      ],
    ],
    Array [
      Object {
        "config": Object {
          "fields": Object {
            "alt": "String",
            "copyright": "String",
            "dimensions": "PrismicImageDimensionsType",
            "fixed": Object {
              "args": Object {
                "height": Object {
                  "type": "Int",
                },
                "imgixParams": Object {
                  "defaultValue": Object {},
                  "type": "ImgixUrlParamsInput",
                },
                "placeholderImgixParams": Object {
                  "defaultValue": Object {},
                  "type": "ImgixUrlParamsInput",
                },
                "width": Object {
                  "defaultValue": 400,
                  "type": "Int",
                },
              },
              "resolve": [Function],
              "type": "PrismicPrefixImageFixedType",
            },
            "fluid": Object {
              "args": Object {
                "imgixParams": Object {
                  "defaultValue": Object {},
                  "type": "ImgixUrlParamsInput",
                },
                "maxHeight": Object {
                  "type": "Int",
                },
                "maxWidth": Object {
                  "defaultValue": 800,
                  "type": "Int",
                },
                "placeholderImgixParams": Object {
                  "defaultValue": Object {},
                  "type": "ImgixUrlParamsInput",
                },
                "srcSetBreakpoints": Object {
                  "type": "[Int]",
                },
              },
              "resolve": [Function],
              "type": "PrismicPrefixImageFluidType",
            },
            "localFile": Object {
              "extensions": Object {
                "link": Object {},
              },
              "type": "File",
            },
            "url": Object {
              "args": Object {
                "imgixParams": Object {
                  "defaultValue": Object {},
                  "type": "ImgixUrlParamsInput",
                },
              },
              "resolve": [Function],
              "type": "String",
            },
          },
          "name": "PrismicPrefixImageType",
        },
        "kind": "OBJECT",
      },
    ],
    Array [
      Array [
        Object {
          "config": Object {
            "fields": Object {
              "text": "PrismicStructuredTextType",
            },
            "name": "PrismicPrefixPageBodyTextPrimaryType",
          },
          "kind": "OBJECT",
        },
      ],
    ],
    Array [
      Array [
        Object {
          "config": Object {
            "extensions": Object {
              "infer": false,
            },
            "fields": Object {
              "primary": "PrismicPrefixPageMainNewsPostPrimaryType",
              "slice_label": "String",
              "slice_type": "String!",
            },
            "name": "PrismicPrefixPageMainNewsPost",
          },
          "kind": "OBJECT",
        },
      ],
    ],
    Array [
      Array [
        Object {
          "config": Object {
            "fields": Object {
              "caption": "PrismicStructuredTextType",
              "image": "PrismicPrefixImageType",
              "orientation": "Boolean",
            },
            "name": "PrismicPrefixPageBodyImagesItemType",
          },
          "kind": "OBJECT",
        },
      ],
    ],
    Array [
      Object {
        "config": Object {
          "name": "PrismicPrefixPageMainSlicesType",
          "resolveType": [Function],
          "types": Array [
            "PrismicPrefixPageMainNewsPost",
          ],
        },
        "kind": "UNION",
      },
    ],
    Array [
      Array [
        Object {
          "config": Object {
            "extensions": Object {
              "infer": false,
            },
            "fields": Object {
              "items": "[PrismicPrefixPageBodyImagesItemType]",
              "slice_label": "String",
              "slice_type": "String!",
            },
            "name": "PrismicPrefixPageBodyImages",
          },
          "kind": "OBJECT",
        },
        Object {
          "config": Object {
            "extensions": Object {
              "infer": false,
            },
            "fields": Object {
              "primary": "PrismicPrefixPageBodyTextPrimaryType",
              "slice_label": "String",
              "slice_type": "String!",
            },
            "name": "PrismicPrefixPageBodyText",
          },
          "kind": "OBJECT",
        },
      ],
    ],
    Array [
      Object {
        "config": Object {
          "name": "PrismicPrefixPageBodySlicesType",
          "resolveType": [Function],
          "types": Array [
            "PrismicPrefixPageBodyImages",
            "PrismicPrefixPageBodyText",
          ],
        },
        "kind": "UNION",
      },
    ],
    Array [
      Object {
        "config": Object {
          "fields": Object {
            "body": "[PrismicPrefixPageBodySlicesType]",
            "main": "[PrismicPrefixPageMainSlicesType]",
            "meta_description": "String",
            "meta_title": "String",
            "parent": "PrismicPrefixLinkType",
            "title": "PrismicStructuredTextType",
          },
          "name": "PrismicPrefixPageDataType",
        },
        "kind": "OBJECT",
      },
    ],
    Array [
      Object {
        "config": Object {
          "extensions": Object {
            "infer": false,
          },
          "fields": Object {
            "_previewable": Object {
              "resolve": [Function],
              "type": "ID!",
            },
            "data": "PrismicPrefixPageDataType",
            "dataRaw": Object {
              "resolve": [Function],
              "type": "JSON!",
            },
            "first_publication_date": Object {
              "extensions": Object {
                "dateformat": Object {},
              },
              "type": "Date!",
            },
            "href": "String!",
            "lang": "String!",
            "last_publication_date": Object {
              "extensions": Object {
                "dateformat": Object {},
              },
              "type": "Date!",
            },
            "prismicId": "ID!",
            "tags": "[String!]!",
            "type": "String!",
            "uid": "String",
            "url": Object {
              "resolve": [Function],
              "type": "String",
            },
          },
          "interfaces": Array [
            "Node",
          ],
          "name": "PrismicPrefixPage",
        },
        "kind": "OBJECT",
      },
    ],
    Array [
      Object {
        "config": Object {
          "name": "PrismicPrefixAllDocumentTypes",
          "types": Array [
            "PrismicPrefixPage",
          ],
        },
        "kind": "UNION",
      },
    ],
  ],
  "results": Array [
    Object {
      "type": "return",
      "value": undefined,
    },
    Object {
      "type": "return",
      "value": undefined,
    },
    Object {
      "type": "return",
      "value": undefined,
    },
    Object {
      "type": "return",
      "value": undefined,
    },
    Object {
      "type": "return",
      "value": undefined,
    },
    Object {
      "type": "return",
      "value": undefined,
    },
    Object {
      "type": "return",
      "value": undefined,
    },
    Object {
      "type": "return",
      "value": undefined,
    },
    Object {
      "type": "return",
      "value": undefined,
    },
    Object {
      "type": "return",
      "value": undefined,
    },
    Object {
      "type": "return",
      "value": undefined,
    },
    Object {
      "type": "return",
      "value": undefined,
    },
    Object {
      "type": "return",
      "value": undefined,
    },
    Object {
      "type": "return",
      "value": undefined,
    },
    Object {
      "type": "return",
      "value": undefined,
    },
    Object {
      "type": "return",
      "value": undefined,
    },
  ],
}
`;
