// Jest Snapshot v1, https://goo.gl/fbAQLP

exports[`createSchemaCustomization creates types 1`] = `
[MockFunction] {
  "calls": Array [
    Array [
      Array [
        Object {
          "config": Object {
            "name": "PrismicLinkTypes",
            "values": Object {
              "Any": Object {},
              "Document": Object {},
              "Media": Object {},
              "Web": Object {},
            },
          },
          "kind": "ENUM",
        },
        Object {
          "config": Object {
            "fields": Object {
              "height": "Int!",
              "width": "Int!",
            },
            "name": "PrismicImageDimensionsType",
          },
          "kind": "OBJECT",
        },
      ],
    ],
    Array [
      Object {
        "config": Object {
          "fields": Object {
            "html": Object {
              "resolve": [Function],
              "type": "String",
            },
            "raw": Object {
              "resolve": [Function],
              "type": "JSON",
            },
            "text": Object {
              "resolve": [Function],
              "type": "String",
            },
          },
          "name": "PrismicStructuredTextType",
        },
        "kind": "OBJECT",
      },
    ],
    Array [
      Object {
        "config": Object {
          "fields": Object {
            "document": Object {
              "extensions": Object {
                "link": Object {},
              },
              "resolve": [Function],
              "type": "PrismicPrefixAllDocumentTypes",
            },
            "id": "ID",
            "isBroken": "Boolean",
            "lang": "String",
            "link_type": "PrismicLinkTypes",
            "raw": Object {
              "resolve": [Function],
              "type": "JSON",
            },
            "size": "Int",
            "slug": "String",
            "tags": "[String]",
            "target": "String",
            "type": "String",
            "uid": "String",
            "url": Object {
              "resolve": [Function],
              "type": "String",
            },
          },
          "name": "PrismicPrefixLinkType",
        },
        "kind": "OBJECT",
      },
    ],
    Array [
      Object {
        "config": Object {
          "fields": Object {
            "html": Object {
              "resolve": [Function],
              "type": "String",
            },
            "raw": Object {
              "resolve": [Function],
              "type": "JSON",
            },
            "text": Object {
              "resolve": [Function],
              "type": "String",
            },
          },
          "name": "PrismicStructuredTextType",
        },
        "kind": "OBJECT",
      },
    ],
    Array [
      Object {
        "config": Object {
          "fields": Object {
            "html": Object {
              "resolve": [Function],
              "type": "String",
            },
            "raw": Object {
              "resolve": [Function],
              "type": "JSON",
            },
            "text": Object {
              "resolve": [Function],
              "type": "String",
            },
          },
          "name": "PrismicStructuredTextType",
        },
        "kind": "OBJECT",
      },
    ],
    Array [
      Array [
        Object {
          "config": Object {
            "fields": Object {
              "published_on": Object {
                "extensions": Object {
                  "dateformat": Object {},
                },
                "type": "Date",
              },
            },
            "name": "PrismicPrefixPageMainNewsPostPrimaryType",
          },
          "kind": "OBJECT",
        },
      ],
    ],
    Array [
      Object {
        "config": Object {
          "fields": Object {
            "alt": "String",
            "copyright": "String",
            "dimensions": "PrismicImageDimensionsType",
            "fixed": Object {
              "args": Object {
                "height": Object {
                  "type": "Int",
                },
                "imgixParams": Object {
                  "defaultValue": Object {},
                  "type": "ImgixUrlParamsInput",
                },
                "placeholderImgixParams": Object {
                  "defaultValue": Object {},
                  "type": "ImgixUrlParamsInput",
                },
                "width": Object {
                  "defaultValue": 400,
                  "type": "Int",
                },
              },
              "resolve": [Function],
              "type": "PrismicPrefixImageFixedType",
            },
            "fluid": Object {
              "args": Object {
                "imgixParams": Object {
                  "defaultValue": Object {},
                  "type": "ImgixUrlParamsInput",
                },
                "maxHeight": Object {
                  "type": "Int",
                },
                "maxWidth": Object {
                  "defaultValue": 800,
                  "type": "Int",
                },
                "placeholderImgixParams": Object {
                  "defaultValue": Object {},
                  "type": "ImgixUrlParamsInput",
                },
                "srcSetBreakpoints": Object {
                  "type": "[Int]",
                },
              },
              "resolve": [Function],
              "type": "PrismicPrefixImageFluidType",
            },
            "localFile": Object {
              "extensions": Object {
                "link": Object {},
              },
              "type": "File",
            },
            "url": Object {
              "args": Object {
                "imgixParams": Object {
                  "defaultValue": Object {},
                  "type": "ImgixUrlParamsInput",
                },
              },
              "resolve": [Function],
              "type": "String",
            },
          },
          "name": "PrismicPrefixImageType",
        },
        "kind": "OBJECT",
      },
    ],
    Array [
      Array [
        Object {
          "config": Object {
            "fields": Object {
              "text": "PrismicStructuredTextType",
            },
            "name": "PrismicPrefixPageBodyTextPrimaryType",
          },
          "kind": "OBJECT",
        },
      ],
    ],
    Array [
      Array [
        Object {
          "config": Object {
            "fields": Object {
              "primary": "PrismicPrefixPageMainNewsPostPrimaryType",
              "slice_label": "String",
              "slice_type": "String!",
            },
            "name": "PrismicPrefixPageMainNewsPost",
          },
          "kind": "OBJECT",
        },
      ],
    ],
    Array [
      Array [
        Object {
          "config": Object {
            "fields": Object {
              "caption": "PrismicStructuredTextType",
              "image": "PrismicPrefixImageType",
              "orientation": "Boolean",
            },
            "name": "PrismicPrefixPageBodyImagesItemType",
          },
          "kind": "OBJECT",
        },
      ],
    ],
    Array [
      Object {
        "config": Object {
          "name": "PrismicPrefixPageMainSlicesType",
          "resolveType": [Function],
          "types": Array [
            "PrismicPrefixPageMainNewsPost",
          ],
        },
        "kind": "UNION",
      },
    ],
    Array [
      Array [
        Object {
          "config": Object {
            "fields": Object {
              "items": "[PrismicPrefixPageBodyImagesItemType]",
              "slice_label": "String",
              "slice_type": "String!",
            },
            "name": "PrismicPrefixPageBodyImages",
          },
          "kind": "OBJECT",
        },
        Object {
          "config": Object {
            "fields": Object {
              "primary": "PrismicPrefixPageBodyTextPrimaryType",
              "slice_label": "String",
              "slice_type": "String!",
            },
            "name": "PrismicPrefixPageBodyText",
          },
          "kind": "OBJECT",
        },
      ],
    ],
    Array [
      Object {
        "config": Object {
          "name": "PrismicPrefixPageBodySlicesType",
          "resolveType": [Function],
          "types": Array [
            "PrismicPrefixPageBodyImages",
            "PrismicPrefixPageBodyText",
          ],
        },
        "kind": "UNION",
      },
    ],
    Array [
      Object {
        "config": Object {
          "fields": Object {
            "body": "[PrismicPrefixPageBodySlicesType]",
            "main": "[PrismicPrefixPageMainSlicesType]",
            "meta_description": "String",
            "meta_title": "String",
            "parent": "PrismicPrefixLinkType",
            "title": "PrismicStructuredTextType",
          },
          "name": "PrismicPrefixPageDataType",
        },
        "kind": "OBJECT",
      },
    ],
    Array [
      Object {
        "config": Object {
          "extensions": Object {
            "infer": false,
          },
          "fields": Object {
            "_previewable": Object {
              "resolve": [Function],
              "type": "ID!",
            },
            "data": "PrismicPrefixPageDataType",
            "dataRaw": Object {
              "resolve": [Function],
              "type": "JSON!",
            },
            "first_publication_date": Object {
              "extensions": Object {
                "dateformat": Object {},
              },
              "type": "Date!",
            },
            "href": "String!",
            "lang": "String!",
            "last_publication_date": Object {
              "extensions": Object {
                "dateformat": Object {},
              },
              "type": "Date!",
            },
            "prismicId": "ID!",
            "tags": "[String!]!",
            "type": "String!",
            "uid": "String",
            "url": Object {
              "resolve": [Function],
              "type": "String",
            },
          },
          "interfaces": Array [
            "Node",
          ],
          "name": "PrismicPrefixPage",
        },
        "kind": "OBJECT",
      },
    ],
    Array [
      Object {
        "config": Object {
          "name": "PrismicPrefixAllDocumentTypes",
          "types": Array [
            "PrismicPrefixPage",
          ],
        },
        "kind": "UNION",
      },
    ],
  ],
  "results": Array [
    Object {
      "type": "return",
      "value": undefined,
    },
    Object {
      "type": "return",
      "value": undefined,
    },
    Object {
      "type": "return",
      "value": undefined,
    },
    Object {
      "type": "return",
      "value": undefined,
    },
    Object {
      "type": "return",
      "value": undefined,
    },
    Object {
      "type": "return",
      "value": undefined,
    },
    Object {
      "type": "return",
      "value": undefined,
    },
    Object {
      "type": "return",
      "value": undefined,
    },
    Object {
      "type": "return",
      "value": undefined,
    },
    Object {
      "type": "return",
      "value": undefined,
    },
    Object {
      "type": "return",
      "value": undefined,
    },
    Object {
      "type": "return",
      "value": undefined,
    },
    Object {
      "type": "return",
      "value": undefined,
    },
    Object {
      "type": "return",
      "value": undefined,
    },
    Object {
      "type": "return",
      "value": undefined,
    },
    Object {
      "type": "return",
      "value": undefined,
    },
  ],
}
`;

exports[`sourceNodes creates nodes 1`] = `
[MockFunction] {
  "calls": Array [
    Array [
      Object {
        "alternate_languages": Array [],
        "data": Object {
          "body": Array [
            Object {
              "items": Array [
                Object {},
              ],
              "primary": Object {
                "text": Array [
                  Object {
                    "spans": Array [],
                    "text": "Example text",
                    "type": "paragraph",
                  },
                ],
              },
              "slice_label": null,
              "slice_type": "text",
            },
            Object {
              "items": Array [
                Object {
                  "caption": Array [
                    Object {
                      "spans": Array [],
                      "text": "Example camption",
                      "type": "paragraph",
                    },
                  ],
                  "image": Object {
                    "Mobile": Object {
                      "dimensions": Object {
                        "height": 667,
                        "width": 1000,
                      },
                      "url": "https://images.prismic.io/gatsby-starter-ww%2F975fc7f0-6d9c-4034-a7de-0b46379ee05b_sean-pollock-203658-unsplash.jpg?auto=compress,format&rect=0,0,6000,3999&w=1000&h=667",
                    },
                    "alt": "Example alt text",
                    "copyright": null,
                    "dimensions": Object {
                      "height": 1333,
                      "width": 2000,
                    },
                    "url": "https://images.prismic.io/gatsby-starter-ww%2F975fc7f0-6d9c-4034-a7de-0b46379ee05b_sean-pollock-203658-unsplash.jpg?auto=compress,format&rect=0,0,6000,3999&w=2000&h=1333",
                  },
                },
              ],
              "primary": Object {},
              "slice_label": null,
              "slice_type": "images",
            },
          ],
          "main": Array [],
          "meta_description": null,
          "meta_title": null,
          "parent": Object {
            "link_type": "Document",
          },
          "title": Array [
            Object {
              "spans": Array [],
              "text": "Home",
              "type": "heading1",
            },
          ],
        },
        "first_publication_date": "2019-01-06T04:03:51+0000",
        "href": "https://gatsby-starter-ww.cdn.prismic.io/api/v2/documents/search?ref=Xj9DrRUAACcAJ33X&q=%5B%5B%3Ad+%3D+at%28document.id%2C+%22XDF-DhEAACAA5b4F%22%29+%5D%5D",
        "id": "createNodeId",
        "internal": Object {
          "contentDigest": "createContentDigest",
          "type": "PrismicPrefixPage",
        },
        "lang": "en-us",
        "last_publication_date": "2020-02-08T23:26:37+0000",
        "linked_documents": Array [],
        "prismicChildren": undefined,
        "prismicFields": undefined,
        "prismicId": "XDF-DhEAACAA5b4F",
        "prismicInternal": undefined,
        "prismicParent": undefined,
        "slugs": Array [
          "home",
        ],
        "tags": Array [],
        "type": "page",
        "uid": "home",
      },
    ],
  ],
  "results": Array [
    Object {
      "type": "return",
      "value": undefined,
    },
  ],
}
`;
